// Jest Snapshot v1, https://goo.gl/fbAQLP

exports[`Pruebas en <LoginPage /> Debe hacer match con el snapshot. 1`] = `
<div>
  <h1>
    LoginPage
  </h1>
  <hr />
  <pre
    aria-label="pre"
  >
    {
   "id": 1,
   "name": "Fer Santi",
   "email": "fersanti2896@gmail.com"
}
  </pre>
  <button
    class="btn btn-outline-success"
  >
    Establecer usuario
  </button>
</div>
`;
